[NO_PID]: ECPGdebug: set to 1
[NO_PID]: sqlca: code: 0, state: 00000
[NO_PID]: raising sqlcode -220 in line 88, 'No such connection NULL in line 88.'.
[NO_PID]: sqlca: code: -220, state: 08003
[NO_PID]: raising sqlcode -220 in line 90, 'No such connection NULL in line 90.'.
[NO_PID]: sqlca: code: -220, state: 08003
[NO_PID]: raising sqlcode -220 in line 92, 'No such connection NULL in line 92.'.
[NO_PID]: sqlca: code: -220, state: 08003
[NO_PID]: raising sqlcode -220 in line 94, 'No such connection NULL in line 94.'.
[NO_PID]: sqlca: code: -220, state: 08003
[NO_PID]: raising sqlcode -220 in line 96, 'No such connection NULL in line 96.'.
[NO_PID]: sqlca: code: -220, state: 08003
[NO_PID]: raising sqlcode -220 in line 98, 'No such connection NULL in line 98.'.
[NO_PID]: sqlca: code: -220, state: 08003
