[NO_PID]: ECPGdebug: set to 1
[NO_PID]: sqlca: code: 0, state: 00000
[NO_PID]: ECPGconnect: opening database regress1 on <DEFAULT> port <DEFAULT> 
[NO_PID]: sqlca: code: 0, state: 00000
[NO_PID]: ecpg_auto_prepare line 19: stmt not in cache; inserting
[NO_PID]: sqlca: code: 0, state: 00000
[NO_PID]: ECPGprepare line 19: NAME: ecpg1 QUERY: create  table T ( Item1 int   , Item2 int   )    
[NO_PID]: sqlca: code: 0, state: 00000
[NO_PID]: ecpg_execute line 19: QUERY: create  table T ( Item1 int   , Item2 int   )     with 0 parameter on connection regress1 
[NO_PID]: sqlca: code: 0, state: 00000
[NO_PID]: ecpg_execute line 19: using PQexecPrepared for create  table T ( Item1 int   , Item2 int   )    
[NO_PID]: sqlca: code: 0, state: 00000
[NO_PID]: ecpg_execute line 19 Ok: CREATE TABLE
[NO_PID]: sqlca: code: 0, state: 00000
[NO_PID]: ecpg_auto_prepare line 21: stmt not in cache; inserting
[NO_PID]: sqlca: code: 0, state: 00000
[NO_PID]: ECPGprepare line 21: NAME: ecpg2 QUERY: insert into T values ( 1 , null ) 
[NO_PID]: sqlca: code: 0, state: 00000
[NO_PID]: ecpg_execute line 21: QUERY: insert into T values ( 1 , null )  with 0 parameter on connection regress1 
[NO_PID]: sqlca: code: 0, state: 00000
[NO_PID]: ecpg_execute line 21: using PQexecPrepared for insert into T values ( 1 , null ) 
[NO_PID]: sqlca: code: 0, state: 00000
[NO_PID]: ecpg_execute line 21 Ok: INSERT 0 1
[NO_PID]: sqlca: code: 0, state: 00000
[NO_PID]: ecpg_auto_prepare line 22: stmt not in cache; inserting
[NO_PID]: sqlca: code: 0, state: 00000
[NO_PID]: ECPGprepare line 22: NAME: ecpg3 QUERY: insert into T values ( 1 ,  $1  ) 
[NO_PID]: sqlca: code: 0, state: 00000
[NO_PID]: ecpg_execute line 22: QUERY: insert into T values ( 1 ,  $1  )  with 1 parameter on connection regress1 
[NO_PID]: sqlca: code: 0, state: 00000
[NO_PID]: ecpg_execute line 22: using PQexecPrepared for insert into T values ( 1 ,  $1  ) 
[NO_PID]: sqlca: code: 0, state: 00000
[NO_PID]: free_params line 22: parameter 1 = 1
[NO_PID]: sqlca: code: 0, state: 00000
[NO_PID]: ecpg_execute line 22 Ok: INSERT 0 1
[NO_PID]: sqlca: code: 0, state: 00000
[NO_PID]: ecpg_auto_prepare line 24: stmt found in cache, entry 6248
[NO_PID]: sqlca: code: 0, state: 00000
[NO_PID]: ecpg_execute line 24: QUERY: insert into T values ( 1 ,  $1  )  with 1 parameter on connection regress1 
[NO_PID]: sqlca: code: 0, state: 00000
[NO_PID]: ecpg_execute line 24: using PQexecPrepared for insert into T values ( 1 ,  $1  ) 
[NO_PID]: sqlca: code: 0, state: 00000
[NO_PID]: free_params line 24: parameter 1 = 2
[NO_PID]: sqlca: code: 0, state: 00000
[NO_PID]: ecpg_execute line 24 Ok: INSERT 0 1
[NO_PID]: sqlca: code: 0, state: 00000
[NO_PID]: ECPGprepare line 25: NAME: i QUERY:  insert into T values ( 1 , 2 )  
[NO_PID]: sqlca: code: 0, state: 00000
[NO_PID]: ecpg_execute line 26: QUERY:  insert into T values ( 1 , 2 )   with 0 parameter on connection regress1 
[NO_PID]: sqlca: code: 0, state: 00000
[NO_PID]: ecpg_execute line 26: using PQexecPrepared for  insert into T values ( 1 , 2 )  
[NO_PID]: sqlca: code: 0, state: 00000
[NO_PID]: ecpg_execute line 26 Ok: INSERT 0 1
[NO_PID]: sqlca: code: 0, state: 00000
[NO_PID]: ecpg_auto_prepare line 28: stmt not in cache; inserting
[NO_PID]: sqlca: code: 0, state: 00000
[NO_PID]: ECPGprepare line 28: NAME: ecpg4 QUERY: select  Item2  from T    order by Item2  nulls last
[NO_PID]: sqlca: code: 0, state: 00000
[NO_PID]: ecpg_execute line 28: QUERY: select  Item2  from T    order by Item2  nulls last with 0 parameter on connection regress1 
[NO_PID]: sqlca: code: 0, state: 00000
[NO_PID]: ecpg_execute line 28: using PQexecPrepared for select  Item2  from T    order by Item2  nulls last
[NO_PID]: sqlca: code: 0, state: 00000
[NO_PID]: ecpg_execute line 28: Correctly got 4 tuples with 1 fields
[NO_PID]: sqlca: code: 0, state: 00000
[NO_PID]: ecpg_get_data line 28: RESULT: 1 offset: -1 array: Yes
[NO_PID]: sqlca: code: 0, state: 00000
[NO_PID]: ecpg_get_data line 28: RESULT: 2 offset: -1 array: Yes
[NO_PID]: sqlca: code: 0, state: 00000
[NO_PID]: ecpg_get_data line 28: RESULT: 2 offset: -1 array: Yes
[NO_PID]: sqlca: code: 0, state: 00000
[NO_PID]: ecpg_get_data line 28: RESULT:  offset: -1 array: Yes
[NO_PID]: sqlca: code: 0, state: 00000
[NO_PID]: ecpg_auto_prepare line 35: stmt not in cache; inserting
[NO_PID]: sqlca: code: 0, state: 00000
[NO_PID]: ECPGprepare line 35: NAME: ecpg5 QUERY: declare C  cursor  for select  Item1  from T   
[NO_PID]: sqlca: code: 0, state: 00000
[NO_PID]: ecpg_execute line 35: QUERY: declare C  cursor  for select  Item1  from T    with 0 parameter on connection regress1 
[NO_PID]: sqlca: code: 0, state: 00000
[NO_PID]: ecpg_execute line 35: using PQexecPrepared for declare C  cursor  for select  Item1  from T   
[NO_PID]: sqlca: code: 0, state: 00000
[NO_PID]: ecpg_execute line 35 Ok: DECLARE CURSOR
[NO_PID]: sqlca: code: 0, state: 00000
[NO_PID]: ecpg_auto_prepare line 37: stmt not in cache; inserting
[NO_PID]: sqlca: code: 0, state: 00000
[NO_PID]: ECPGprepare line 37: NAME: ecpg6 QUERY: fetch 1 in C
[NO_PID]: sqlca: code: 0, state: 00000
[NO_PID]: ecpg_execute line 37: QUERY: fetch 1 in C with 0 parameter on connection regress1 
[NO_PID]: sqlca: code: 0, state: 00000
[NO_PID]: ecpg_execute line 37: using PQexecPrepared for fetch 1 in C
[NO_PID]: sqlca: code: 0, state: 00000
[NO_PID]: ecpg_execute line 37: Correctly got 1 tuples with 1 fields
[NO_PID]: sqlca: code: 0, state: 00000
[NO_PID]: ecpg_get_data line 37: RESULT: 1 offset: -1 array: Yes
[NO_PID]: sqlca: code: 0, state: 00000
[NO_PID]: ecpg_auto_prepare line 40: stmt not in cache; inserting
[NO_PID]: sqlca: code: 0, state: 00000
[NO_PID]: ECPGprepare line 40: NAME: ecpg7 QUERY: close C
[NO_PID]: sqlca: code: 0, state: 00000
[NO_PID]: ecpg_execute line 40: QUERY: close C with 0 parameter on connection regress1 
[NO_PID]: sqlca: code: 0, state: 00000
[NO_PID]: ecpg_execute line 40: using PQexecPrepared for close C
[NO_PID]: sqlca: code: 0, state: 00000
[NO_PID]: ecpg_execute line 40 Ok: CLOSE CURSOR
[NO_PID]: sqlca: code: 0, state: 00000
[NO_PID]: ecpg_auto_prepare line 42: stmt not in cache; inserting
[NO_PID]: sqlca: code: 0, state: 00000
[NO_PID]: ECPGprepare line 42: NAME: ecpg8 QUERY: drop table T 
[NO_PID]: sqlca: code: 0, state: 00000
[NO_PID]: ecpg_execute line 42: QUERY: drop table T  with 0 parameter on connection regress1 
[NO_PID]: sqlca: code: 0, state: 00000
[NO_PID]: ecpg_execute line 42: using PQexecPrepared for drop table T 
[NO_PID]: sqlca: code: 0, state: 00000
[NO_PID]: ecpg_execute line 42 Ok: DROP TABLE
[NO_PID]: sqlca: code: 0, state: 00000
[NO_PID]: ECPGdeallocate line 0: NAME: ecpg8
[NO_PID]: sqlca: code: 0, state: 00000
[NO_PID]: ECPGdeallocate line 0: NAME: ecpg7
[NO_PID]: sqlca: code: 0, state: 00000
[NO_PID]: ECPGdeallocate line 0: NAME: ecpg6
[NO_PID]: sqlca: code: 0, state: 00000
[NO_PID]: ECPGdeallocate line 0: NAME: ecpg5
[NO_PID]: sqlca: code: 0, state: 00000
[NO_PID]: ECPGdeallocate line 0: NAME: ecpg4
[NO_PID]: sqlca: code: 0, state: 00000
[NO_PID]: ECPGdeallocate line 0: NAME: i
[NO_PID]: sqlca: code: 0, state: 00000
[NO_PID]: ECPGdeallocate line 0: NAME: ecpg3
[NO_PID]: sqlca: code: 0, state: 00000
[NO_PID]: ECPGdeallocate line 0: NAME: ecpg2
[NO_PID]: sqlca: code: 0, state: 00000
[NO_PID]: ECPGdeallocate line 0: NAME: ecpg1
[NO_PID]: sqlca: code: 0, state: 00000
[NO_PID]: ecpg_finish: Connection regress1 closed.
[NO_PID]: sqlca: code: 0, state: 00000
