[NO_PID]: ECPGdebug: set to 1
[NO_PID]: sqlca: code: 0, state: 00000
[NO_PID]: ECPGconnect: opening database regress1 on <DEFAULT> port <DEFAULT> 
[NO_PID]: sqlca: code: 0, state: 00000
[NO_PID]: ecpg_execute line 49: QUERY: set datestyle to german with 0 parameter on connection regress1 
[NO_PID]: sqlca: code: 0, state: 00000
[NO_PID]: ecpg_execute line 49: using PQexec
[NO_PID]: sqlca: code: 0, state: 00000
[NO_PID]: ecpg_execute line 49 Ok: SET
[NO_PID]: sqlca: code: 0, state: 00000
[NO_PID]: ecpg_execute line 51: QUERY: create  table dyntest ( name char  ( 14 )    , d float8    , i int   , bignumber int8    , b boolean   , comment text    , day date    )     with 0 parameter on connection regress1 
[NO_PID]: sqlca: code: 0, state: 00000
[NO_PID]: ecpg_execute line 51: using PQexec
[NO_PID]: sqlca: code: 0, state: 00000
[NO_PID]: ecpg_execute line 51 Ok: CREATE TABLE
[NO_PID]: sqlca: code: 0, state: 00000
[NO_PID]: ecpg_execute line 54: QUERY: insert into dyntest values ( 'first entry' , 14.7 , 14 , 123045607890 , true , 'The world''s most advanced open source database.' , '1987-07-14' )  with 0 parameter on connection regress1 
[NO_PID]: sqlca: code: 0, state: 00000
[NO_PID]: ecpg_execute line 54: using PQexec
[NO_PID]: sqlca: code: 0, state: 00000
[NO_PID]: ecpg_execute line 54 Ok: INSERT 0 1
[NO_PID]: sqlca: code: 0, state: 00000
[NO_PID]: ecpg_execute line 55: QUERY: insert into dyntest values ( 'second entry' , 1407.87 , 1407 , 987065403210 , false , 'The elephant never forgets.' , '1999-11-5' )  with 0 parameter on connection regress1 
[NO_PID]: sqlca: code: 0, state: 00000
[NO_PID]: ecpg_execute line 55: using PQexec
[NO_PID]: sqlca: code: 0, state: 00000
[NO_PID]: ecpg_execute line 55 Ok: INSERT 0 1
[NO_PID]: sqlca: code: 0, state: 00000
[NO_PID]: ECPGprepare line 57: NAME: myquery QUERY: select * from dyntest
[NO_PID]: sqlca: code: 0, state: 00000
[NO_PID]: ecpg_execute line 60: QUERY: declare MYCURS  cursor  for select * from dyntest with 0 parameter on connection regress1 
[NO_PID]: sqlca: code: 0, state: 00000
[NO_PID]: ecpg_execute line 60: using PQexec
[NO_PID]: sqlca: code: 0, state: 00000
[NO_PID]: ecpg_execute line 60 Ok: DECLARE CURSOR
[NO_PID]: sqlca: code: 0, state: 00000
[NO_PID]: ecpg_execute line 64: QUERY: fetch in MYCURS with 0 parameter on connection regress1 
[NO_PID]: sqlca: code: 0, state: 00000
[NO_PID]: ecpg_execute line 64: using PQexec
[NO_PID]: sqlca: code: 0, state: 00000
[NO_PID]: ecpg_execute line 64: Correctly got 1 tuples with 7 fields
[NO_PID]: sqlca: code: 0, state: 00000
[NO_PID]: ecpg_execute putting result (1 tuples) into descriptor 'MYDESC'
[NO_PID]: sqlca: code: 0, state: 00000
[NO_PID]: ECPGget_desc_header: found 7 attributes.
[NO_PID]: sqlca: code: 0, state: 00000
[NO_PID]: ECPGget_desc: reading items for tuple 1
[NO_PID]: sqlca: code: 0, state: 00000
[NO_PID]: ECPGget_desc: NAME = name
[NO_PID]: sqlca: code: 0, state: 00000
[NO_PID]: ECPGget_desc: SCALE = 14
[NO_PID]: sqlca: code: 0, state: 00000
[NO_PID]: ECPGget_desc: PRECISION = 0
[NO_PID]: sqlca: code: 0, state: 00000
[NO_PID]: ECPGget_desc: RETURNED[0] = 14
[NO_PID]: sqlca: code: 0, state: 00000
[NO_PID]: ECPGget_desc: OCTET_LENGTH = -1
[NO_PID]: sqlca: code: 0, state: 00000
[NO_PID]: ECPGget_desc: LENGTH = 14
[NO_PID]: sqlca: code: 0, state: 00000
[NO_PID]: ECPGget_desc: TYPE = 1
[NO_PID]: sqlca: code: 0, state: 00000
[NO_PID]: ECPGget_desc: INDICATOR[0] = 0
[NO_PID]: sqlca: code: 0, state: 00000
[NO_PID]: ECPGget_desc: reading items for tuple 1
[NO_PID]: sqlca: code: 0, state: 00000
[NO_PID]: ecpg_get_data line 186: RESULT: first entry    offset: -1 array: Yes
[NO_PID]: sqlca: code: 0, state: 00000
[NO_PID]: ECPGget_desc: reading items for tuple 2
[NO_PID]: sqlca: code: 0, state: 00000
[NO_PID]: ECPGget_desc: NAME = d
[NO_PID]: sqlca: code: 0, state: 00000
[NO_PID]: ECPGget_desc: SCALE = 65531
[NO_PID]: sqlca: code: 0, state: 00000
[NO_PID]: ECPGget_desc: PRECISION = -1
[NO_PID]: sqlca: code: 0, state: 00000
[NO_PID]: ECPGget_desc: RETURNED[0] = 4
[NO_PID]: sqlca: code: 0, state: 00000
[NO_PID]: ECPGget_desc: OCTET_LENGTH = 8
[NO_PID]: sqlca: code: 0, state: 00000
[NO_PID]: ECPGget_desc: LENGTH = -5
[NO_PID]: sqlca: code: 0, state: 00000
[NO_PID]: ECPGget_desc: TYPE = 8
[NO_PID]: sqlca: code: 0, state: 00000
[NO_PID]: ECPGget_desc: INDICATOR[0] = 0
[NO_PID]: sqlca: code: 0, state: 00000
[NO_PID]: ECPGget_desc: reading items for tuple 2
[NO_PID]: sqlca: code: 0, state: 00000
[NO_PID]: ecpg_get_data line 175: RESULT: 14.7 offset: -1 array: Yes
[NO_PID]: sqlca: code: 0, state: 00000
[NO_PID]: ECPGget_desc: reading items for tuple 3
[NO_PID]: sqlca: code: 0, state: 00000
[NO_PID]: ECPGget_desc: NAME = i
[NO_PID]: sqlca: code: 0, state: 00000
[NO_PID]: ECPGget_desc: SCALE = 65531
[NO_PID]: sqlca: code: 0, state: 00000
[NO_PID]: ECPGget_desc: PRECISION = -1
[NO_PID]: sqlca: code: 0, state: 00000
[NO_PID]: ECPGget_desc: RETURNED[0] = 2
[NO_PID]: sqlca: code: 0, state: 00000
[NO_PID]: ECPGget_desc: OCTET_LENGTH = 4
[NO_PID]: sqlca: code: 0, state: 00000
[NO_PID]: ECPGget_desc: LENGTH = -5
[NO_PID]: sqlca: code: 0, state: 00000
[NO_PID]: ECPGget_desc: TYPE = 4
[NO_PID]: sqlca: code: 0, state: 00000
[NO_PID]: ECPGget_desc: INDICATOR[0] = 0
[NO_PID]: sqlca: code: 0, state: 00000
[NO_PID]: ECPGget_desc: reading items for tuple 3
[NO_PID]: sqlca: code: 0, state: 00000
[NO_PID]: ecpg_get_data line 171: RESULT: 14 offset: -1 array: Yes
[NO_PID]: sqlca: code: 0, state: 00000
[NO_PID]: ECPGget_desc: reading items for tuple 4
[NO_PID]: sqlca: code: 0, state: 00000
[NO_PID]: ECPGget_desc: NAME = bignumber
[NO_PID]: sqlca: code: 0, state: 00000
[NO_PID]: ECPGget_desc: SCALE = 65531
[NO_PID]: sqlca: code: 0, state: 00000
[NO_PID]: ECPGget_desc: PRECISION = -1
[NO_PID]: sqlca: code: 0, state: 00000
[NO_PID]: ECPGget_desc: RETURNED[0] = 12
[NO_PID]: sqlca: code: 0, state: 00000
[NO_PID]: ECPGget_desc: OCTET_LENGTH = 8
[NO_PID]: sqlca: code: 0, state: 00000
[NO_PID]: ECPGget_desc: LENGTH = -5
[NO_PID]: sqlca: code: 0, state: 00000
[NO_PID]: ECPGget_desc: TYPE = -20
[NO_PID]: sqlca: code: 0, state: 00000
[NO_PID]: ECPGget_desc: INDICATOR[0] = 0
[NO_PID]: sqlca: code: 0, state: 00000
[NO_PID]: ECPGget_desc: reading items for tuple 4
[NO_PID]: sqlca: code: 0, state: 00000
[NO_PID]: ecpg_get_data line 190: RESULT: 123045607890 offset: -1 array: Yes
[NO_PID]: sqlca: code: 0, state: 00000
[NO_PID]: ECPGget_desc: reading items for tuple 5
[NO_PID]: sqlca: code: 0, state: 00000
[NO_PID]: ECPGget_desc: NAME = b
[NO_PID]: sqlca: code: 0, state: 00000
[NO_PID]: ECPGget_desc: SCALE = 65531
[NO_PID]: sqlca: code: 0, state: 00000
[NO_PID]: ECPGget_desc: PRECISION = -1
[NO_PID]: sqlca: code: 0, state: 00000
[NO_PID]: ECPGget_desc: RETURNED[0] = 1
[NO_PID]: sqlca: code: 0, state: 00000
[NO_PID]: ECPGget_desc: OCTET_LENGTH = 1
[NO_PID]: sqlca: code: 0, state: 00000
[NO_PID]: ECPGget_desc: LENGTH = -5
[NO_PID]: sqlca: code: 0, state: 00000
[NO_PID]: ECPGget_desc: TYPE = 16
[NO_PID]: sqlca: code: 0, state: 00000
[NO_PID]: ECPGget_desc: INDICATOR[0] = 0
[NO_PID]: sqlca: code: 0, state: 00000
[NO_PID]: ECPGget_desc: reading items for tuple 5
[NO_PID]: sqlca: code: 0, state: 00000
[NO_PID]: ecpg_get_data line 166: RESULT: t offset: -1 array: Yes
[NO_PID]: sqlca: code: 0, state: 00000
[NO_PID]: ECPGget_desc: reading items for tuple 6
[NO_PID]: sqlca: code: 0, state: 00000
[NO_PID]: ECPGget_desc: NAME = comment
[NO_PID]: sqlca: code: 0, state: 00000
[NO_PID]: ECPGget_desc: SCALE = 65531
[NO_PID]: sqlca: code: 0, state: 00000
[NO_PID]: ECPGget_desc: PRECISION = -1
[NO_PID]: sqlca: code: 0, state: 00000
[NO_PID]: ECPGget_desc: RETURNED[0] = 47
[NO_PID]: sqlca: code: 0, state: 00000
[NO_PID]: ECPGget_desc: OCTET_LENGTH = -1
[NO_PID]: sqlca: code: 0, state: 00000
[NO_PID]: ECPGget_desc: LENGTH = -5
[NO_PID]: sqlca: code: 0, state: 00000
[NO_PID]: ECPGget_desc: TYPE = 1
[NO_PID]: sqlca: code: 0, state: 00000
[NO_PID]: ECPGget_desc: INDICATOR[0] = 0
[NO_PID]: sqlca: code: 0, state: 00000
[NO_PID]: ECPGget_desc: reading items for tuple 6
[NO_PID]: sqlca: code: 0, state: 00000
[NO_PID]: ecpg_get_data line 186: RESULT: The world's most advanced open source database. offset: -1 array: Yes
[NO_PID]: sqlca: code: 0, state: 00000
[NO_PID]: ECPGget_desc: reading items for tuple 7
[NO_PID]: sqlca: code: 0, state: 00000
[NO_PID]: ECPGget_desc: NAME = day
[NO_PID]: sqlca: code: 0, state: 00000
[NO_PID]: ECPGget_desc: SCALE = 65531
[NO_PID]: sqlca: code: 0, state: 00000
[NO_PID]: ECPGget_desc: PRECISION = -1
[NO_PID]: sqlca: code: 0, state: 00000
[NO_PID]: ECPGget_desc: RETURNED[0] = 10
[NO_PID]: sqlca: code: 0, state: 00000
[NO_PID]: ECPGget_desc: OCTET_LENGTH = 4
[NO_PID]: sqlca: code: 0, state: 00000
[NO_PID]: ECPGget_desc: LENGTH = -5
[NO_PID]: sqlca: code: 0, state: 00000
[NO_PID]: ECPGget_desc: TYPE = 9
[NO_PID]: sqlca: code: 0, state: 00000
[NO_PID]: ECPGget_desc: INDICATOR[0] = 0
[NO_PID]: sqlca: code: 0, state: 00000
[NO_PID]: ECPGget_desc: reading items for tuple 7
[NO_PID]: sqlca: code: 0, state: 00000
[NO_PID]: ECPGget_desc: TYPE = 1
[NO_PID]: sqlca: code: 0, state: 00000
[NO_PID]: ECPGget_desc: reading items for tuple 7
[NO_PID]: sqlca: code: 0, state: 00000
[NO_PID]: ECPGget_desc: TYPE = 1
[NO_PID]: sqlca: code: 0, state: 00000
[NO_PID]: ecpg_get_data line 179: RESULT: 14.07.1987 offset: -1 array: Yes
[NO_PID]: sqlca: code: 0, state: 00000
[NO_PID]: ecpg_execute line 64: QUERY: fetch in MYCURS with 0 parameter on connection regress1 
[NO_PID]: sqlca: code: 0, state: 00000
[NO_PID]: ecpg_execute line 64: using PQexec
[NO_PID]: sqlca: code: 0, state: 00000
[NO_PID]: ecpg_execute line 64: Correctly got 1 tuples with 7 fields
[NO_PID]: sqlca: code: 0, state: 00000
[NO_PID]: ecpg_execute putting result (1 tuples) into descriptor 'MYDESC'
[NO_PID]: sqlca: code: 0, state: 00000
[NO_PID]: ECPGget_desc_header: found 7 attributes.
[NO_PID]: sqlca: code: 0, state: 00000
[NO_PID]: ECPGget_desc: reading items for tuple 1
[NO_PID]: sqlca: code: 0, state: 00000
[NO_PID]: ECPGget_desc: NAME = name
[NO_PID]: sqlca: code: 0, state: 00000
[NO_PID]: ECPGget_desc: SCALE = 14
[NO_PID]: sqlca: code: 0, state: 00000
[NO_PID]: ECPGget_desc: PRECISION = 0
[NO_PID]: sqlca: code: 0, state: 00000
[NO_PID]: ECPGget_desc: RETURNED[0] = 14
[NO_PID]: sqlca: code: 0, state: 00000
[NO_PID]: ECPGget_desc: OCTET_LENGTH = -1
[NO_PID]: sqlca: code: 0, state: 00000
[NO_PID]: ECPGget_desc: LENGTH = 14
[NO_PID]: sqlca: code: 0, state: 00000
[NO_PID]: ECPGget_desc: TYPE = 1
[NO_PID]: sqlca: code: 0, state: 00000
[NO_PID]: ECPGget_desc: INDICATOR[0] = 0
[NO_PID]: sqlca: code: 0, state: 00000
[NO_PID]: ECPGget_desc: reading items for tuple 1
[NO_PID]: sqlca: code: 0, state: 00000
[NO_PID]: ecpg_get_data line 186: RESULT: second entry   offset: -1 array: Yes
[NO_PID]: sqlca: code: 0, state: 00000
[NO_PID]: ECPGget_desc: reading items for tuple 2
[NO_PID]: sqlca: code: 0, state: 00000
[NO_PID]: ECPGget_desc: NAME = d
[NO_PID]: sqlca: code: 0, state: 00000
[NO_PID]: ECPGget_desc: SCALE = 65531
[NO_PID]: sqlca: code: 0, state: 00000
[NO_PID]: ECPGget_desc: PRECISION = -1
[NO_PID]: sqlca: code: 0, state: 00000
[NO_PID]: ECPGget_desc: RETURNED[0] = 7
[NO_PID]: sqlca: code: 0, state: 00000
[NO_PID]: ECPGget_desc: OCTET_LENGTH = 8
[NO_PID]: sqlca: code: 0, state: 00000
[NO_PID]: ECPGget_desc: LENGTH = -5
[NO_PID]: sqlca: code: 0, state: 00000
[NO_PID]: ECPGget_desc: TYPE = 8
[NO_PID]: sqlca: code: 0, state: 00000
[NO_PID]: ECPGget_desc: INDICATOR[0] = 0
[NO_PID]: sqlca: code: 0, state: 00000
[NO_PID]: ECPGget_desc: reading items for tuple 2
[NO_PID]: sqlca: code: 0, state: 00000
[NO_PID]: ecpg_get_data line 175: RESULT: 1407.87 offset: -1 array: Yes
[NO_PID]: sqlca: code: 0, state: 00000
[NO_PID]: ECPGget_desc: reading items for tuple 3
[NO_PID]: sqlca: code: 0, state: 00000
[NO_PID]: ECPGget_desc: NAME = i
[NO_PID]: sqlca: code: 0, state: 00000
[NO_PID]: ECPGget_desc: SCALE = 65531
[NO_PID]: sqlca: code: 0, state: 00000
[NO_PID]: ECPGget_desc: PRECISION = -1
[NO_PID]: sqlca: code: 0, state: 00000
[NO_PID]: ECPGget_desc: RETURNED[0] = 4
[NO_PID]: sqlca: code: 0, state: 00000
[NO_PID]: ECPGget_desc: OCTET_LENGTH = 4
[NO_PID]: sqlca: code: 0, state: 00000
[NO_PID]: ECPGget_desc: LENGTH = -5
[NO_PID]: sqlca: code: 0, state: 00000
[NO_PID]: ECPGget_desc: TYPE = 4
[NO_PID]: sqlca: code: 0, state: 00000
[NO_PID]: ECPGget_desc: INDICATOR[0] = 0
[NO_PID]: sqlca: code: 0, state: 00000
[NO_PID]: ECPGget_desc: reading items for tuple 3
[NO_PID]: sqlca: code: 0, state: 00000
[NO_PID]: ecpg_get_data line 171: RESULT: 1407 offset: -1 array: Yes
[NO_PID]: sqlca: code: 0, state: 00000
[NO_PID]: ECPGget_desc: reading items for tuple 4
[NO_PID]: sqlca: code: 0, state: 00000
[NO_PID]: ECPGget_desc: NAME = bignumber
[NO_PID]: sqlca: code: 0, state: 00000
[NO_PID]: ECPGget_desc: SCALE = 65531
[NO_PID]: sqlca: code: 0, state: 00000
[NO_PID]: ECPGget_desc: PRECISION = -1
[NO_PID]: sqlca: code: 0, state: 00000
[NO_PID]: ECPGget_desc: RETURNED[0] = 12
[NO_PID]: sqlca: code: 0, state: 00000
[NO_PID]: ECPGget_desc: OCTET_LENGTH = 8
[NO_PID]: sqlca: code: 0, state: 00000
[NO_PID]: ECPGget_desc: LENGTH = -5
[NO_PID]: sqlca: code: 0, state: 00000
[NO_PID]: ECPGget_desc: TYPE = -20
[NO_PID]: sqlca: code: 0, state: 00000
[NO_PID]: ECPGget_desc: INDICATOR[0] = 0
[NO_PID]: sqlca: code: 0, state: 00000
[NO_PID]: ECPGget_desc: reading items for tuple 4
[NO_PID]: sqlca: code: 0, state: 00000
[NO_PID]: ecpg_get_data line 190: RESULT: 987065403210 offset: -1 array: Yes
[NO_PID]: sqlca: code: 0, state: 00000
[NO_PID]: ECPGget_desc: reading items for tuple 5
[NO_PID]: sqlca: code: 0, state: 00000
[NO_PID]: ECPGget_desc: NAME = b
[NO_PID]: sqlca: code: 0, state: 00000
[NO_PID]: ECPGget_desc: SCALE = 65531
[NO_PID]: sqlca: code: 0, state: 00000
[NO_PID]: ECPGget_desc: PRECISION = -1
[NO_PID]: sqlca: code: 0, state: 00000
[NO_PID]: ECPGget_desc: RETURNED[0] = 1
[NO_PID]: sqlca: code: 0, state: 00000
[NO_PID]: ECPGget_desc: OCTET_LENGTH = 1
[NO_PID]: sqlca: code: 0, state: 00000
[NO_PID]: ECPGget_desc: LENGTH = -5
[NO_PID]: sqlca: code: 0, state: 00000
[NO_PID]: ECPGget_desc: TYPE = 16
[NO_PID]: sqlca: code: 0, state: 00000
[NO_PID]: ECPGget_desc: INDICATOR[0] = 0
[NO_PID]: sqlca: code: 0, state: 00000
[NO_PID]: ECPGget_desc: reading items for tuple 5
[NO_PID]: sqlca: code: 0, state: 00000
[NO_PID]: ecpg_get_data line 166: RESULT: f offset: -1 array: Yes
[NO_PID]: sqlca: code: 0, state: 00000
[NO_PID]: ECPGget_desc: reading items for tuple 6
[NO_PID]: sqlca: code: 0, state: 00000
[NO_PID]: ECPGget_desc: NAME = comment
[NO_PID]: sqlca: code: 0, state: 00000
[NO_PID]: ECPGget_desc: SCALE = 65531
[NO_PID]: sqlca: code: 0, state: 00000
[NO_PID]: ECPGget_desc: PRECISION = -1
[NO_PID]: sqlca: code: 0, state: 00000
[NO_PID]: ECPGget_desc: RETURNED[0] = 27
[NO_PID]: sqlca: code: 0, state: 00000
[NO_PID]: ECPGget_desc: OCTET_LENGTH = -1
[NO_PID]: sqlca: code: 0, state: 00000
[NO_PID]: ECPGget_desc: LENGTH = -5
[NO_PID]: sqlca: code: 0, state: 00000
[NO_PID]: ECPGget_desc: TYPE = 1
[NO_PID]: sqlca: code: 0, state: 00000
[NO_PID]: ECPGget_desc: INDICATOR[0] = 0
[NO_PID]: sqlca: code: 0, state: 00000
[NO_PID]: ECPGget_desc: reading items for tuple 6
[NO_PID]: sqlca: code: 0, state: 00000
[NO_PID]: ecpg_get_data line 186: RESULT: The elephant never forgets. offset: -1 array: Yes
[NO_PID]: sqlca: code: 0, state: 00000
[NO_PID]: ECPGget_desc: reading items for tuple 7
[NO_PID]: sqlca: code: 0, state: 00000
[NO_PID]: ECPGget_desc: NAME = day
[NO_PID]: sqlca: code: 0, state: 00000
[NO_PID]: ECPGget_desc: SCALE = 65531
[NO_PID]: sqlca: code: 0, state: 00000
[NO_PID]: ECPGget_desc: PRECISION = -1
[NO_PID]: sqlca: code: 0, state: 00000
[NO_PID]: ECPGget_desc: RETURNED[0] = 10
[NO_PID]: sqlca: code: 0, state: 00000
[NO_PID]: ECPGget_desc: OCTET_LENGTH = 4
[NO_PID]: sqlca: code: 0, state: 00000
[NO_PID]: ECPGget_desc: LENGTH = -5
[NO_PID]: sqlca: code: 0, state: 00000
[NO_PID]: ECPGget_desc: TYPE = 9
[NO_PID]: sqlca: code: 0, state: 00000
[NO_PID]: ECPGget_desc: INDICATOR[0] = 0
[NO_PID]: sqlca: code: 0, state: 00000
[NO_PID]: ECPGget_desc: reading items for tuple 7
[NO_PID]: sqlca: code: 0, state: 00000
[NO_PID]: ECPGget_desc: TYPE = 1
[NO_PID]: sqlca: code: 0, state: 00000
[NO_PID]: ECPGget_desc: reading items for tuple 7
[NO_PID]: sqlca: code: 0, state: 00000
[NO_PID]: ECPGget_desc: TYPE = 1
[NO_PID]: sqlca: code: 0, state: 00000
[NO_PID]: ecpg_get_data line 179: RESULT: 05.11.1999 offset: -1 array: Yes
[NO_PID]: sqlca: code: 0, state: 00000
[NO_PID]: ecpg_execute line 64: QUERY: fetch in MYCURS with 0 parameter on connection regress1 
[NO_PID]: sqlca: code: 0, state: 00000
[NO_PID]: ecpg_execute line 64: using PQexec
[NO_PID]: sqlca: code: 0, state: 00000
[NO_PID]: ecpg_execute line 64: Correctly got 0 tuples with 7 fields
[NO_PID]: sqlca: code: 0, state: 00000
[NO_PID]: raising sqlcode 100 in line 64, 'No data found in line 64.'.
[NO_PID]: sqlca: code: 100, state: 02000
[NO_PID]: ecpg_execute line 197: QUERY: close MYCURS with 0 parameter on connection regress1 
[NO_PID]: sqlca: code: 0, state: 00000
[NO_PID]: ecpg_execute line 197: using PQexec
[NO_PID]: sqlca: code: 0, state: 00000
[NO_PID]: ecpg_execute line 197 Ok: CLOSE CURSOR
[NO_PID]: sqlca: code: 0, state: 00000
